// Jest Snapshot v1, https://goo.gl/fbAQLP

exports[`Article Component matches snapshot 1`] = `
<DocumentFragment>
  <header>
    <h1
      class="text-2xl"
    >
      Example Article Title
    </h1>
    <p>
      Published on 
      <time
        datetime="2024-06-28"
      >
        Sunday, June 30, 2024
      </time>
    </p>
  </header>
  <article>
    <section>
      <p>
        Example content of the article.
      </p>
    </section>
  </article>
</DocumentFragment>
`;
